// Jest Snapshot v1, https://goo.gl/fbAQLP

exports[`Page matches snapshot 1`] = `
<div
  className="background"
>
  <div
    className="row"
  >
    <div
      className="col"
      style={
        Object {
          "paddingLeft": "10%",
        }
      }
    >
      <div
        className="col-md-6 mx-auto vstack gap-2 minBreakpoint-xs"
      />
    </div>
    <div
      className="col"
      style={
        Object {
          "paddingBottom": "2rem",
          "paddingLeft": "20%",
          "paddingRight": "10%",
        }
      }
    >
      <h3
        style={
          Object {
            "paddingBottom": "2rem",
          }
        }
      >
         Recommended Users to Follow 
      </h3>
      <ul
        className="list-group"
        onKeyDown={[Function]}
      />
    </div>
  </div>
</div>
`;
